// Jest Snapshot v1, https://goo.gl/fbAQLP

exports[`Dictionary shows translations when are available 1`] = `
<modal classes="dictionary" name="dictionary" adaptive="true" min-height="200">
  <div class="dictionary__word">mutter</div>
  <div class="dictionary__translations">
    <div>
      <div class="dictionary__key">mutter {noun}</div>
      <div>mamrotanie</div>
    </div>
    <div>
      <div class="dictionary__key">to mutter {vb}</div>
      <div>szemrać ● mamrotać ● przebąkiwać ● mruknąć</div>
    </div>
  </div>
</modal>
`;
