// Jest Snapshot v1, https://goo.gl/fbAQLP

exports[`<Dictionary /> shows translations when are available 1`] = `
<div class="dictionary">
  <div class="dictionary__word">
    <div>mutter</div>
    <speakicon-stub title="Volume High icon" fillcolor="currentColor" size="24" class="dictionary__speak"></speakicon-stub>
  </div>
  <div class="dictionary__translations">
    <div>
      <div class="dictionary__key">mutter {noun}</div>
      <div>mamrotanie</div>
    </div>
    <div>
      <div class="dictionary__key">to mutter {vb}</div>
      <div>szemrać • mamrotać • przebąkiwać • mruknąć</div>
    </div>
  </div>
</div>
`;
